// Jest Snapshot v1, https://goo.gl/fbAQLP

exports[`Should render in edit state with all fields including values for schemas input 1`] = `"<div class=\\"StyledBox-sc-13pk1d4-0 kElcRG\\"><form><div class=\\"StyledBox-sc-13pk1d4-0 faQrIe\\"><label class=\\"StyledCheckBox__StyledCheckBoxContainer-sc-1dbk5ju-1 fQUPLz\\"><div class=\\"StyledCheckBox-sc-1dbk5ju-6 jXdLin StyledBox-sc-13pk1d4-0 hDFGOt\\"><input type=\\"checkbox\\" class=\\"StyledCheckBox__StyledCheckBoxInput-sc-1dbk5ju-2 dmEAHg\\"><div class=\\"StyledCheckBox__StyledCheckBoxBox-sc-1dbk5ju-3 fxKnpz StyledBox-sc-13pk1d4-0 eGZccM\\"></div></div><span>Create new organization</span></label><div class=\\"StyledBox__StyledBoxGap-sc-13pk1d4-1 jwYTgg\\"></div><div class=\\"FormField__FormFieldBox-m9hood-0 gkZXHS StyledBox-sc-13pk1d4-0 cEgSsF\\"><label class=\\"StyledText-sc-1sadyjn-0 bKLvLm\\">Organization</label><div class=\\"FormField__FormFieldContentBox-m9hood-1 ejMZmb StyledBox-sc-13pk1d4-0 jJUKhq\\"><button class=\\"Select__StyledSelectDropButton-sc-17idtfo-1 fcNjcL StyledButton-sc-323bzc-0 glpBSg\\" aria-label=\\"Open Drop\\" type=\\"button\\"><div class=\\"StyledBox-sc-13pk1d4-0 fXagjJ\\"><div class=\\"StyledBox-sc-13pk1d4-0 fREhmO\\"><p>undefined / 0x48383833</p></div><div style=\\"min-width: auto;\\" class=\\"StyledBox-sc-13pk1d4-0 dDjwWo\\"><svg aria-label=\\"FormDown\\" viewBox=\\"0 0 24 24\\" class=\\"StyledIcon-ofa7kd-0 ojsbV\\"><polyline fill=\\"none\\" stroke=\\"#000\\" stroke-width=\\"2\\" points=\\"18 9 12 15 6 9\\"></polyline></svg></div></div></button></div></div><div class=\\"StyledBox__StyledBoxGap-sc-13pk1d4-1 jwYTgg\\"></div><div class=\\"FormField__FormFieldBox-m9hood-0 gkZXHS StyledBox-sc-13pk1d4-0 cEgSsF\\"><label class=\\"StyledText-sc-1sadyjn-0 bKLvLm\\">Name</label><div class=\\"FormField__FormFieldContentBox-m9hood-1 ejMZmb StyledBox-sc-13pk1d4-0 jJUKhq\\"><div class=\\"StyledTextInput__StyledTextInputContainer-sc-1x30a0s-1 kYQCpm\\"><input name=\\"name\\" autocomplete=\\"off\\" class=\\"StyledTextInput-sc-1x30a0s-0 eXavXr\\" value=\\"Test User\\"></div></div></div><div class=\\"StyledBox__StyledBoxGap-sc-13pk1d4-1 jwYTgg\\"></div><div class=\\"FormField__FormFieldBox-m9hood-0 gkZXHS StyledBox-sc-13pk1d4-0 cEgSsF\\"><label class=\\"StyledText-sc-1sadyjn-0 bKLvLm\\">Email</label><div class=\\"FormField__FormFieldContentBox-m9hood-1 ejMZmb StyledBox-sc-13pk1d4-0 jJUKhq\\"><div class=\\"StyledTextInput__StyledTextInputContainer-sc-1x30a0s-1 kYQCpm\\"><input name=\\"email\\" autocomplete=\\"off\\" class=\\"StyledTextInput-sc-1x30a0s-0 eXavXr\\" value=\\"test@centrifuge.io\\"></div></div></div><div class=\\"StyledBox__StyledBoxGap-sc-13pk1d4-1 jwYTgg\\"></div><div class=\\"FormField__FormFieldBox-m9hood-0 gkZXHS StyledBox-sc-13pk1d4-0 cEgSsF\\"><label class=\\"StyledText-sc-1sadyjn-0 bKLvLm\\">2Fa Type</label><div class=\\"FormField__FormFieldContentBox-m9hood-1 ejMZmb StyledBox-sc-13pk1d4-0 jJUKhq\\"><button class=\\"Select__StyledSelectDropButton-sc-17idtfo-1 cvpccN StyledButton-sc-323bzc-0 hsIHYj\\" aria-label=\\"Open Drop\\" type=\\"button\\"><div class=\\"StyledBox-sc-13pk1d4-0 fXagjJ\\"><div class=\\"StyledBox-sc-13pk1d4-0 fREhmO\\"><div class=\\"StyledTextInput__StyledTextInputContainer-sc-1x30a0s-1 kYQCpm\\"><input name=\\"twoFAType\\" autocomplete=\\"off\\" tabindex=\\"-1\\" type=\\"text\\" class=\\"Select__SelectTextInput-sc-17idtfo-0 lmyIUy StyledTextInput-sc-1x30a0s-0 eXavXr\\" readonly=\\"\\" value=\\"\\"></div></div><div style=\\"min-width: auto;\\" class=\\"StyledBox-sc-13pk1d4-0 dDjwWo\\"><svg aria-label=\\"FormDown\\" viewBox=\\"0 0 24 24\\" class=\\"StyledIcon-ofa7kd-0 ojsbV\\"><polyline fill=\\"none\\" stroke=\\"#000\\" stroke-width=\\"2\\" points=\\"18 9 12 15 6 9\\"></polyline></svg></div></div></button></div></div><div class=\\"StyledBox__StyledBoxGap-sc-13pk1d4-1 jwYTgg\\"></div><div class=\\"StyledBox-sc-13pk1d4-0 cdIZDK\\"><div class=\\"FormField__FormFieldBox-m9hood-0 gkZXHS StyledBox-sc-13pk1d4-0 cEgSsF\\"><label class=\\"StyledText-sc-1sadyjn-0 bKLvLm\\">Permissions</label><div class=\\"FormField__FormFieldContentBox-m9hood-1 ejMZmb StyledBox-sc-13pk1d4-0 jJUKhq\\"><button class=\\"Select__StyledSelectDropButton-sc-17idtfo-1 fcNjcL StyledButton-sc-323bzc-0 glpBSg\\" aria-label=\\"Open Drop\\" type=\\"button\\"><div class=\\"StyledBox-sc-13pk1d4-0 fXagjJ\\"><div class=\\"StyledBox-sc-13pk1d4-0 fREhmO\\"><div class=\\"StyledBox-sc-13pk1d4-0 hULHft\\"><div class=\\"StyledBox-sc-13pk1d4-0 lmdQWg\\"><span style=\\"line-height: 1;\\" class=\\"StyledText-sc-1sadyjn-0 fWSbXS\\">can_manage_schemas</span><div class=\\"StyledBox__StyledBoxGap-sc-13pk1d4-1 gEIaKX\\"></div><div tabindex=\\"0\\" class=\\"StyledBox-sc-13pk1d4-0 jrmTrF\\"><svg aria-label=\\"Close\\" viewBox=\\"0 0 24 24\\" class=\\"StyledIcon-ofa7kd-0 fjELgu\\"><path fill=\\"none\\" stroke=\\"#000\\" stroke-width=\\"2\\" d=\\"M3,3 L21,21 M3,21 L21,3\\"></path></svg></div></div><div class=\\"StyledBox-sc-13pk1d4-0 lmdQWg\\"><span style=\\"line-height: 1;\\" class=\\"StyledText-sc-1sadyjn-0 fWSbXS\\">can_manage_documents</span><div class=\\"StyledBox__StyledBoxGap-sc-13pk1d4-1 gEIaKX\\"></div><div tabindex=\\"0\\" class=\\"StyledBox-sc-13pk1d4-0 jrmTrF\\"><svg aria-label=\\"Close\\" viewBox=\\"0 0 24 24\\" class=\\"StyledIcon-ofa7kd-0 fjELgu\\"><path fill=\\"none\\" stroke=\\"#000\\" stroke-width=\\"2\\" d=\\"M3,3 L21,21 M3,21 L21,3\\"></path></svg></div></div></div></div><div style=\\"min-width: auto;\\" class=\\"StyledBox-sc-13pk1d4-0 dDjwWo\\"><svg aria-label=\\"FormDown\\" viewBox=\\"0 0 24 24\\" class=\\"StyledIcon-ofa7kd-0 ojsbV\\"><polyline fill=\\"none\\" stroke=\\"#000\\" stroke-width=\\"2\\" points=\\"18 9 12 15 6 9\\"></polyline></svg></div></div></button></div></div></div><div class=\\"StyledBox__StyledBoxGap-sc-13pk1d4-1 jwYTgg\\"></div><div class=\\"StyledBox-sc-13pk1d4-0 cdIZDK\\"><div class=\\"FormField__FormFieldBox-m9hood-0 gkZXHS StyledBox-sc-13pk1d4-0 cEgSsF\\"><label class=\\"StyledText-sc-1sadyjn-0 bKLvLm\\">Document schemas</label><div class=\\"FormField__FormFieldContentBox-m9hood-1 ejMZmb StyledBox-sc-13pk1d4-0 jJUKhq\\"><button class=\\"Select__StyledSelectDropButton-sc-17idtfo-1 fcNjcL StyledButton-sc-323bzc-0 glpBSg\\" aria-label=\\"Open Drop\\" type=\\"button\\"><div class=\\"StyledBox-sc-13pk1d4-0 fXagjJ\\"><div class=\\"StyledBox-sc-13pk1d4-0 fREhmO\\"><div class=\\"StyledBox-sc-13pk1d4-0 hULHft\\"><div class=\\"StyledBox-sc-13pk1d4-0 lmdQWg\\"><span style=\\"line-height: 1;\\" class=\\"StyledText-sc-1sadyjn-0 fWSbXS\\">option-1</span><div class=\\"StyledBox__StyledBoxGap-sc-13pk1d4-1 gEIaKX\\"></div><div tabindex=\\"0\\" class=\\"StyledBox-sc-13pk1d4-0 jrmTrF\\"><svg aria-label=\\"Close\\" viewBox=\\"0 0 24 24\\" class=\\"StyledIcon-ofa7kd-0 fjELgu\\"><path fill=\\"none\\" stroke=\\"#000\\" stroke-width=\\"2\\" d=\\"M3,3 L21,21 M3,21 L21,3\\"></path></svg></div></div></div></div><div style=\\"min-width: auto;\\" class=\\"StyledBox-sc-13pk1d4-0 dDjwWo\\"><svg aria-label=\\"FormDown\\" viewBox=\\"0 0 24 24\\" class=\\"StyledIcon-ofa7kd-0 ojsbV\\"><polyline fill=\\"none\\" stroke=\\"#000\\" stroke-width=\\"2\\" points=\\"18 9 12 15 6 9\\"></polyline></svg></div></div></button></div></div></div><div class=\\"StyledBox__StyledBoxGap-sc-13pk1d4-1 jwYTgg\\"></div><div class=\\"StyledBox-sc-13pk1d4-0 cvDtre\\"><button type=\\"button\\" class=\\"StyledButton-sc-323bzc-0 dpWJCq\\">Discard</button><div class=\\"StyledBox__StyledBoxGap-sc-13pk1d4-1 eRzXCR\\"></div><button disabled=\\"\\" type=\\"submit\\" class=\\"StyledButton-sc-323bzc-0 dcXCxF\\">Create</button></div></div></form></div>"`;

exports[`Should render the create state 1`] = `"<div class=\\"StyledBox-sc-13pk1d4-0 kElcRG\\"><form><div class=\\"StyledBox-sc-13pk1d4-0 faQrIe\\"><label class=\\"StyledCheckBox__StyledCheckBoxContainer-sc-1dbk5ju-1 fQUPLz\\"><div class=\\"StyledCheckBox-sc-1dbk5ju-6 jXdLin StyledBox-sc-13pk1d4-0 hDFGOt\\"><input type=\\"checkbox\\" class=\\"StyledCheckBox__StyledCheckBoxInput-sc-1dbk5ju-2 dmEAHg\\"><div class=\\"StyledCheckBox__StyledCheckBoxBox-sc-1dbk5ju-3 fxKnpz StyledBox-sc-13pk1d4-0 eGZccM\\"></div></div><span>Create new organization</span></label><div class=\\"StyledBox__StyledBoxGap-sc-13pk1d4-1 jwYTgg\\"></div><div class=\\"FormField__FormFieldBox-m9hood-0 gkZXHS StyledBox-sc-13pk1d4-0 cEgSsF\\"><label class=\\"StyledText-sc-1sadyjn-0 bKLvLm\\">Organization</label><div class=\\"FormField__FormFieldContentBox-m9hood-1 ejMZmb StyledBox-sc-13pk1d4-0 jJUKhq\\"><button class=\\"Select__StyledSelectDropButton-sc-17idtfo-1 fcNjcL StyledButton-sc-323bzc-0 glpBSg\\" aria-label=\\"Open Drop\\" type=\\"button\\"><div class=\\"StyledBox-sc-13pk1d4-0 fXagjJ\\"><div class=\\"StyledBox-sc-13pk1d4-0 fREhmO\\"><div class=\\"StyledTextInput__StyledTextInputContainer-sc-1x30a0s-1 kYQCpm\\"><input name=\\"account\\" autocomplete=\\"off\\" placeholder=\\"Select\\" tabindex=\\"-1\\" type=\\"text\\" class=\\"Select__SelectTextInput-sc-17idtfo-0 lmyIUy StyledTextInput-sc-1x30a0s-0 eHkAXn\\" readonly=\\"\\" value=\\"\\"></div></div><div style=\\"min-width: auto;\\" class=\\"StyledBox-sc-13pk1d4-0 dDjwWo\\"><svg aria-label=\\"FormDown\\" viewBox=\\"0 0 24 24\\" class=\\"StyledIcon-ofa7kd-0 ojsbV\\"><polyline fill=\\"none\\" stroke=\\"#000\\" stroke-width=\\"2\\" points=\\"18 9 12 15 6 9\\"></polyline></svg></div></div></button></div></div><div class=\\"StyledBox__StyledBoxGap-sc-13pk1d4-1 jwYTgg\\"></div><div class=\\"FormField__FormFieldBox-m9hood-0 gkZXHS StyledBox-sc-13pk1d4-0 cEgSsF\\"><label class=\\"StyledText-sc-1sadyjn-0 bKLvLm\\">Name</label><div class=\\"FormField__FormFieldContentBox-m9hood-1 ejMZmb StyledBox-sc-13pk1d4-0 jJUKhq\\"><div class=\\"StyledTextInput__StyledTextInputContainer-sc-1x30a0s-1 kYQCpm\\"><input name=\\"name\\" autocomplete=\\"off\\" class=\\"StyledTextInput-sc-1x30a0s-0 eXavXr\\" value=\\"\\"></div></div></div><div class=\\"StyledBox__StyledBoxGap-sc-13pk1d4-1 jwYTgg\\"></div><div class=\\"FormField__FormFieldBox-m9hood-0 gkZXHS StyledBox-sc-13pk1d4-0 cEgSsF\\"><label class=\\"StyledText-sc-1sadyjn-0 bKLvLm\\">Email</label><div class=\\"FormField__FormFieldContentBox-m9hood-1 ejMZmb StyledBox-sc-13pk1d4-0 jJUKhq\\"><div class=\\"StyledTextInput__StyledTextInputContainer-sc-1x30a0s-1 kYQCpm\\"><input name=\\"email\\" autocomplete=\\"off\\" class=\\"StyledTextInput-sc-1x30a0s-0 eXavXr\\" value=\\"\\"></div></div></div><div class=\\"StyledBox__StyledBoxGap-sc-13pk1d4-1 jwYTgg\\"></div><div class=\\"FormField__FormFieldBox-m9hood-0 gkZXHS StyledBox-sc-13pk1d4-0 cEgSsF\\"><label class=\\"StyledText-sc-1sadyjn-0 bKLvLm\\">2Fa Type</label><div class=\\"FormField__FormFieldContentBox-m9hood-1 ejMZmb StyledBox-sc-13pk1d4-0 jJUKhq\\"><button class=\\"Select__StyledSelectDropButton-sc-17idtfo-1 cvpccN StyledButton-sc-323bzc-0 hsIHYj\\" aria-label=\\"Open Drop\\" type=\\"button\\"><div class=\\"StyledBox-sc-13pk1d4-0 fXagjJ\\"><div class=\\"StyledBox-sc-13pk1d4-0 fREhmO\\"><div class=\\"StyledTextInput__StyledTextInputContainer-sc-1x30a0s-1 kYQCpm\\"><input name=\\"twoFAType\\" autocomplete=\\"off\\" tabindex=\\"-1\\" type=\\"text\\" class=\\"Select__SelectTextInput-sc-17idtfo-0 lmyIUy StyledTextInput-sc-1x30a0s-0 eXavXr\\" readonly=\\"\\" value=\\"\\"></div></div><div style=\\"min-width: auto;\\" class=\\"StyledBox-sc-13pk1d4-0 dDjwWo\\"><svg aria-label=\\"FormDown\\" viewBox=\\"0 0 24 24\\" class=\\"StyledIcon-ofa7kd-0 ojsbV\\"><polyline fill=\\"none\\" stroke=\\"#000\\" stroke-width=\\"2\\" points=\\"18 9 12 15 6 9\\"></polyline></svg></div></div></button></div></div><div class=\\"StyledBox__StyledBoxGap-sc-13pk1d4-1 jwYTgg\\"></div><div class=\\"StyledBox-sc-13pk1d4-0 cdIZDK\\"><div class=\\"FormField__FormFieldBox-m9hood-0 gkZXHS StyledBox-sc-13pk1d4-0 cEgSsF\\"><label class=\\"StyledText-sc-1sadyjn-0 bKLvLm\\">Permissions</label><div class=\\"FormField__FormFieldContentBox-m9hood-1 ejMZmb StyledBox-sc-13pk1d4-0 jJUKhq\\"><button class=\\"Select__StyledSelectDropButton-sc-17idtfo-1 fcNjcL StyledButton-sc-323bzc-0 glpBSg\\" aria-label=\\"Open Drop\\" type=\\"button\\"><div class=\\"StyledBox-sc-13pk1d4-0 fXagjJ\\"><div class=\\"StyledBox-sc-13pk1d4-0 fREhmO\\"><div class=\\"StyledTextInput__StyledTextInputContainer-sc-1x30a0s-1 kYQCpm\\"><input autocomplete=\\"off\\" placeholder=\\"Select\\" tabindex=\\"-1\\" type=\\"text\\" class=\\"Select__SelectTextInput-sc-17idtfo-0 lmyIUy StyledTextInput-sc-1x30a0s-0 eHkAXn\\" readonly=\\"\\" value=\\"\\"></div></div><div style=\\"min-width: auto;\\" class=\\"StyledBox-sc-13pk1d4-0 dDjwWo\\"><svg aria-label=\\"FormDown\\" viewBox=\\"0 0 24 24\\" class=\\"StyledIcon-ofa7kd-0 ojsbV\\"><polyline fill=\\"none\\" stroke=\\"#000\\" stroke-width=\\"2\\" points=\\"18 9 12 15 6 9\\"></polyline></svg></div></div></button></div></div></div><div class=\\"StyledBox__StyledBoxGap-sc-13pk1d4-1 jwYTgg\\"></div><div class=\\"StyledBox-sc-13pk1d4-0 cvDtre\\"><button type=\\"button\\" class=\\"StyledButton-sc-323bzc-0 dpWJCq\\">Discard</button><div class=\\"StyledBox__StyledBoxGap-sc-13pk1d4-1 eRzXCR\\"></div><button disabled=\\"\\" type=\\"submit\\" class=\\"StyledButton-sc-323bzc-0 dcXCxF\\">Create</button></div></div></form></div>"`;
