// Jest Snapshot v1, https://goo.gl/fbAQLP

exports[`renders correctly 1`] = `
<span>
  o
  134,144.000
   CCC
</span>
`;
